../Core/Src/main.c:81:5:main	8	static
../Core/Src/main.c:132:6:SystemClock_Config	88	static
../Core/Src/main.c:176:13:MX_USART2_UART_Init	8	static
../Core/Src/main.c:207:13:MX_GPIO_Init	48	static
../Core/Src/main.c:235:6:UIsend	16	static
../Core/Src/main.c:240:6:Mode	8	static
../Core/Src/main.c:294:6:LED	16	static
../Core/Src/main.c:306:6:UARTInterruptConfig	8	static
../Core/Src/main.c:309:6:HAL_UART_RxCpltCallback	16	static
../Core/Src/main.c:318:6:ButtonQC	8	static
../Core/Src/main.c:332:6:Error_Handler	4	static,ignoring_inline_asm
